======================================================================
  CARBON STRUCTURE CLASSIFICATION — TEST SUITE
======================================================================

  ▸ Stage 1: Carbon skeleton filter — keeps Carbon-only... ✓ PASS

  ▸ Stage 1: Carbon filter — rejects molecules with too few C... ✓ PASS

  ▸ Stage 1: Carbon filter — preserves 3D coordinates... ✓ PASS

  ▸ Stage 2: SOAP descriptor — correct output shape... (D=324) ✓ PASS

  ▸ Stage 2: SOAP descriptor — batch computation... ✓ PASS

  ▸ Stage 2: SOAP — rotation invariance... ✓ PASS

  ▸ Stage 3: Welford Scaler — correct mean and std... ✓ PASS

  ▸ Stage 4: Incremental PCA — dimensionality reduction... (var=82.3%) ✓ PASS

  ▸ Stage 5: K-Means++ — clustering quality... (sil=0.786) ✓ PASS

  ▸ Stage 2+3+4: Full SOAP → Scale → PCA → KMeans flow... (sil=0.390, clusters=Counter({np.int32(1): 32, np.int32(0): 28})) ✓ PASS

  ▸ HDF5 I/O — write and read features... ✓ PASS

  ▸ Checkpoint Manager — save and resume... ✓ PASS

  ▸ Model serialization — pickle roundtrip... ✓ PASS

======================================================================
  Results: 13 passed, 0 failed, 13 total
======================================================================
